 
 -------------- celery@feiyuzi-2.local v5.4.0 (opalescent)
--- ***** ----- 
-- ******* ---- macOS-26.2-arm64-arm-64bit-Mach-O 2026-03-30 09:26:43
- *** --- * --- 
- ** ---------- [config]
- ** ---------- .> app:         app.extensions:0x10cc33e00
- ** ---------- .> transport:   redis://localhost:6379/0
- ** ---------- .> results:     redis://localhost:6379/1
- *** --- * --- .> concurrency: 8 (prefork)
-- ******* ---- .> task events: OFF (enable -E to monitor tasks in this worker)
--- ***** ----- 
 -------------- [queues]
                .> celery           exchange=celery(direct) key=celery
                

[tasks]
  . tasks.extract_crf_by_form
  . tasks.extract_crf_from_document
  . tasks.extract_metadata
  . tasks.ocr_recognize

[2026-03-30 09:26:44,667: INFO/MainProcess] Connected to redis://localhost:6379/0
[2026-03-30 09:26:44,670: INFO/MainProcess] mingle: searching for neighbors
[2026-03-30 09:26:45,680: INFO/MainProcess] mingle: all alone
[2026-03-30 09:26:45,809: INFO/MainProcess] celery@feiyuzi-2.local ready.
[2026-03-30 09:29:24,609: INFO/MainProcess] Task tasks.ocr_recognize[dd0ea491-4658-4e19-b638-61b83557581e] received
[2026-03-30 09:29:24,612: INFO/MainProcess] Task tasks.ocr_recognize[4ea70eaf-5d46-4986-8f61-f5448a61a20b] received
[2026-03-30 09:29:25,134: WARNING/ForkPoolWorker-8] [OCR] Starting recognition for doc=5bcfb035-c302-4402-abf6-0b04650fccdb, object_key=documents/1774834163363_CT检查.pdf
[2026-03-30 09:29:25,156: WARNING/ForkPoolWorker-1] [OCR] Starting recognition for doc=caf81e4e-26e4-4765-bc27-8e80cd0b9b78, object_key=documents/1774834163378_病理.pdf
[2026-03-30 09:29:26,570: WARNING/ForkPoolWorker-8] [OCR] ✅ Success for doc=5bcfb035-c302-4402-abf6-0b04650fccdb: 1 pages, confidence=0.00, 812 chars, 1624ms
[2026-03-30 09:29:26,581: WARNING/ForkPoolWorker-8] [OCR] ⏩ Chained metadata extraction for doc=5bcfb035-c302-4402-abf6-0b04650fccdb
[2026-03-30 09:29:26,583: INFO/MainProcess] Task tasks.extract_metadata[fcad1e70-9f7d-43f6-881c-14f8898c5327] received
[2026-03-30 09:29:26,614: INFO/ForkPoolWorker-8] Task tasks.ocr_recognize[dd0ea491-4658-4e19-b638-61b83557581e] succeeded in 2.0005954169999995s: {'status': 'success', 'document_id': '5bcfb035-c302-4402-abf6-0b04650fccdb', 'total_pages': 1, 'text_length': 812, 'confidence': 0.0, 'duration_ms': 1624}
[2026-03-30 09:29:26,829: WARNING/ForkPoolWorker-1] [OCR] ✅ Success for doc=caf81e4e-26e4-4765-bc27-8e80cd0b9b78: 1 pages, confidence=0.00, 1586 chars, 1898ms
[2026-03-30 09:29:26,846: WARNING/ForkPoolWorker-1] [OCR] ⏩ Chained metadata extraction for doc=caf81e4e-26e4-4765-bc27-8e80cd0b9b78
[2026-03-30 09:29:26,847: INFO/MainProcess] Task tasks.extract_metadata[b207c6e7-8ceb-43a0-ae2e-a051db775296] received
[2026-03-30 09:29:26,848: INFO/ForkPoolWorker-1] Task tasks.ocr_recognize[4ea70eaf-5d46-4986-8f61-f5448a61a20b] succeeded in 2.2331691669999145s: {'status': 'success', 'document_id': 'caf81e4e-26e4-4765-bc27-8e80cd0b9b78', 'total_pages': 1, 'text_length': 1586, 'confidence': 0.0, 'duration_ms': 1898}
[2026-03-30 09:29:27,029: WARNING/ForkPoolWorker-2] [META] Calling MiniMax-M2.7 for doc=5bcfb035-c302-4402-abf6-0b04650fccdb, prompt_len=8098, text_len=812
[2026-03-30 09:29:27,093: WARNING/ForkPoolWorker-8] [META] Calling MiniMax-M2.7 for doc=caf81e4e-26e4-4765-bc27-8e80cd0b9b78, prompt_len=8098, text_len=1586
[2026-03-30 09:29:40,469: INFO/ForkPoolWorker-8] HTTP Request: POST https://api.minimaxi.com/v1/chat/completions "HTTP/1.1 200 OK"
[2026-03-30 09:29:40,522: WARNING/ForkPoolWorker-8] [META] ✅ Success for doc=caf81e4e-26e4-4765-bc27-8e80cd0b9b78: 13 fields, 13578ms
[2026-03-30 09:29:40,528: INFO/ForkPoolWorker-8] Task tasks.extract_metadata[b207c6e7-8ceb-43a0-ae2e-a051db775296] succeeded in 13.679929625s: {'status': 'success', 'document_id': 'caf81e4e-26e4-4765-bc27-8e80cd0b9b78', 'metadata_result_id': 'ef5ba860-d123-4e6a-9991-d4ac7ace9a9f', 'fields_count': 13, 'duration_ms': 13578}
[2026-03-30 09:29:48,095: INFO/ForkPoolWorker-2] HTTP Request: POST https://api.minimaxi.com/v1/chat/completions "HTTP/1.1 200 OK"
[2026-03-30 09:29:48,117: WARNING/ForkPoolWorker-2] [META] ❌ Failed for doc=5bcfb035-c302-4402-abf6-0b04650fccdb: JSONDecodeError: Extra data: line 16 column 1 (char 286)
[2026-03-30 09:29:48,125: WARNING/ForkPoolWorker-2] Traceback (most recent call last):
  File "/Users/apple/project/eacy_agent/eacy/backend/app/tasks/metadata_tasks.py", line 157, in extract_metadata
    result = json.loads(raw_output)
  File "/opt/homebrew/Cellar/python@3.14/3.14.2_1/Frameworks/Python.framework/Versions/3.14/lib/python3.14/json/__init__.py", line 352, in loads
    return _default_decoder.decode(s)
           ~~~~~~~~~~~~~~~~~~~~~~~^^^
  File "/opt/homebrew/Cellar/python@3.14/3.14.2_1/Frameworks/Python.framework/Versions/3.14/lib/python3.14/json/decoder.py", line 345, in decode
    obj, end = self.raw_decode(s, idx=_w(s, 0).end())
               ~~~~~~~~~~~~~~~^^^^^^^^^^^^^^^^^^^^^^^
  File "/opt/homebrew/Cellar/python@3.14/3.14.2_1/Frameworks/Python.framework/Versions/3.14/lib/python3.14/json/decoder.py", line 363, in raw_decode
    raise JSONDecodeError("Expecting value", s, err.value) from None
json.decoder.JSONDecodeError: Expecting value: line 1 column 1 (char 0)

During handling of the above exception, another exception occurred:

Traceback (most recent call last):
  File "/Users/apple/project/eacy_agent/eacy/backend/app/tasks/metadata_tasks.py", line 160, in extract_metadata
    result = json.loads(m.group()) if m else {}
             ~~~~~~~~~~^^^^^^^^^^^
  File "/opt/homebrew/Cellar/python@3.14/3.14.2_1/Frameworks/Python.framework/Versions/3.14/lib/python3.14/json/__init__.py", line 352, in loads
    return _default_decoder.decode(s)
           ~~~~~~~~~~~~~~~~~~~~~~~^^^
  File "/opt/homebrew/Cellar/python@3.14/3.14.2_1/Frameworks/Python.framework/Versions/3.14/lib/python3.14/json/decoder.py", line 348, in decode
    raise JSONDecodeError("Extra data", s, end)
json.decoder.JSONDecodeError: Extra data: line 16 column 1 (char 286)
[2026-03-30 09:29:48,166: INFO/MainProcess] Task tasks.extract_metadata[fcad1e70-9f7d-43f6-881c-14f8898c5327] received
[2026-03-30 09:29:48,171: INFO/ForkPoolWorker-2] Task tasks.extract_metadata[fcad1e70-9f7d-43f6-881c-14f8898c5327] retry: Retry in 10s: JSONDecodeError('Extra data: line 16 column 1 (char 286)')
[2026-03-30 09:29:58,270: WARNING/ForkPoolWorker-8] [META] Calling MiniMax-M2.7 for doc=5bcfb035-c302-4402-abf6-0b04650fccdb, prompt_len=8098, text_len=812
[2026-03-30 09:30:09,619: INFO/ForkPoolWorker-8] HTTP Request: POST https://api.minimaxi.com/v1/chat/completions "HTTP/1.1 200 OK"
[2026-03-30 09:30:09,637: WARNING/ForkPoolWorker-8] [META] ✅ Success for doc=5bcfb035-c302-4402-abf6-0b04650fccdb: 13 fields, 11378ms
[2026-03-30 09:30:09,645: INFO/ForkPoolWorker-8] Task tasks.extract_metadata[fcad1e70-9f7d-43f6-881c-14f8898c5327] succeeded in 11.48090420799997s: {'status': 'success', 'document_id': '5bcfb035-c302-4402-abf6-0b04650fccdb', 'metadata_result_id': '8bab83d5-bde6-4a47-847a-294767346ef2', 'fields_count': 13, 'duration_ms': 11378}
[2026-03-30 09:48:16,568: INFO/MainProcess] Task tasks.ocr_recognize[a95fa5b0-9841-43ee-b7b3-c3cd40c08f64] received
[2026-03-30 09:48:16,611: INFO/MainProcess] Task tasks.ocr_recognize[16258774-000b-41c9-803e-356c1a90f763] received
[2026-03-30 09:48:16,614: INFO/MainProcess] Task tasks.ocr_recognize[e0922215-4284-435c-b721-bfc2967c1291] received
[2026-03-30 09:48:16,992: WARNING/ForkPoolWorker-1] [OCR] Starting recognition for doc=673dd88f-bbc6-459a-bac0-2ae43069585d, object_key=documents/1774835295413_血常规.pdf
[2026-03-30 09:48:16,998: WARNING/ForkPoolWorker-2] [OCR] Starting recognition for doc=e022db78-b74e-4f01-8754-0bd11e9a7e02, object_key=documents/1774835295403_病理.pdf
[2026-03-30 09:48:17,005: WARNING/ForkPoolWorker-8] [OCR] Starting recognition for doc=84b8ce6e-3415-4d98-ac93-6c915378e2ad, object_key=documents/1774835295411_CT检查.pdf
[2026-03-30 09:48:17,758: INFO/MainProcess] Task tasks.ocr_recognize[4d20a07c-c750-4c1b-92ba-79ccd56b052e] received
[2026-03-30 09:48:18,482: WARNING/ForkPoolWorker-8] [OCR] ✅ Success for doc=84b8ce6e-3415-4d98-ac93-6c915378e2ad: 1 pages, confidence=0.00, 812 chars, 1720ms
[2026-03-30 09:48:18,493: WARNING/ForkPoolWorker-8] [OCR] ⏩ Chained metadata extraction for doc=84b8ce6e-3415-4d98-ac93-6c915378e2ad
[2026-03-30 09:48:18,494: INFO/MainProcess] Task tasks.extract_metadata[2056e5ba-6c36-4b3b-b5a4-21a6a6f09478] received
[2026-03-30 09:48:18,494: INFO/ForkPoolWorker-8] Task tasks.ocr_recognize[a95fa5b0-9841-43ee-b7b3-c3cd40c08f64] succeeded in 1.9065182079998522s: {'status': 'success', 'document_id': '84b8ce6e-3415-4d98-ac93-6c915378e2ad', 'total_pages': 1, 'text_length': 812, 'confidence': 0.0, 'duration_ms': 1720}
[2026-03-30 09:48:18,639: WARNING/ForkPoolWorker-3] [OCR] Starting recognition for doc=fda0256b-d5ec-495a-a871-70faddd1d303, object_key=documents/1774835296706_超声报告.pdf
[2026-03-30 09:48:18,648: WARNING/ForkPoolWorker-2] [OCR] ✅ Success for doc=e022db78-b74e-4f01-8754-0bd11e9a7e02: 1 pages, confidence=0.00, 1586 chars, 1819ms
[2026-03-30 09:48:18,662: WARNING/ForkPoolWorker-2] [OCR] ⏩ Chained metadata extraction for doc=e022db78-b74e-4f01-8754-0bd11e9a7e02
[2026-03-30 09:48:18,663: INFO/MainProcess] Task tasks.extract_metadata[75ede51e-b5d9-4199-ad21-db84392bbf50] received
[2026-03-30 09:48:18,665: INFO/ForkPoolWorker-2] Task tasks.ocr_recognize[e0922215-4284-435c-b721-bfc2967c1291] succeeded in 2.0354669170001216s: {'status': 'success', 'document_id': 'e022db78-b74e-4f01-8754-0bd11e9a7e02', 'total_pages': 1, 'text_length': 1586, 'confidence': 0.0, 'duration_ms': 1819}
[2026-03-30 09:48:18,930: WARNING/ForkPoolWorker-8] [META] Calling MiniMax-M2.7 for doc=e022db78-b74e-4f01-8754-0bd11e9a7e02, prompt_len=114, text_len=1586
[2026-03-30 09:48:19,339: WARNING/ForkPoolWorker-4] [META] Calling MiniMax-M2.7 for doc=84b8ce6e-3415-4d98-ac93-6c915378e2ad, prompt_len=114, text_len=812
[2026-03-30 09:48:19,462: WARNING/ForkPoolWorker-1] [OCR] ✅ Success for doc=673dd88f-bbc6-459a-bac0-2ae43069585d: 1 pages, confidence=0.00, 3839 chars, 2673ms
[2026-03-30 09:48:19,469: INFO/MainProcess] Task tasks.extract_metadata[5a673b99-9635-49c1-a8bb-b8b04b9c4934] received
[2026-03-30 09:48:19,469: WARNING/ForkPoolWorker-1] [OCR] ⏩ Chained metadata extraction for doc=673dd88f-bbc6-459a-bac0-2ae43069585d
[2026-03-30 09:48:19,472: INFO/ForkPoolWorker-1] Task tasks.ocr_recognize[16258774-000b-41c9-803e-356c1a90f763] succeeded in 2.83767858300007s: {'status': 'success', 'document_id': '673dd88f-bbc6-459a-bac0-2ae43069585d', 'total_pages': 1, 'text_length': 3839, 'confidence': 0.0, 'duration_ms': 2673}
[2026-03-30 09:48:19,521: WARNING/ForkPoolWorker-2] [META] Calling MiniMax-M2.7 for doc=673dd88f-bbc6-459a-bac0-2ae43069585d, prompt_len=114, text_len=3839
[2026-03-30 09:48:20,195: WARNING/ForkPoolWorker-3] [OCR] ✅ Success for doc=fda0256b-d5ec-495a-a871-70faddd1d303: 2 pages, confidence=0.00, 1529 chars, 1785ms
[2026-03-30 09:48:20,203: WARNING/ForkPoolWorker-3] [OCR] ⏩ Chained metadata extraction for doc=fda0256b-d5ec-495a-a871-70faddd1d303
[2026-03-30 09:48:20,204: INFO/MainProcess] Task tasks.extract_metadata[c34f8fac-2b30-4a7c-8e9d-6abbc5bc1748] received
[2026-03-30 09:48:20,206: INFO/ForkPoolWorker-3] Task tasks.ocr_recognize[4d20a07c-c750-4c1b-92ba-79ccd56b052e] succeeded in 2.3806409999997413s: {'status': 'success', 'document_id': 'fda0256b-d5ec-495a-a871-70faddd1d303', 'total_pages': 2, 'text_length': 1529, 'confidence': 0.0, 'duration_ms': 1785}
[2026-03-30 09:48:20,461: WARNING/ForkPoolWorker-1] [META] Calling MiniMax-M2.7 for doc=fda0256b-d5ec-495a-a871-70faddd1d303, prompt_len=114, text_len=1529
[2026-03-30 09:48:32,032: INFO/ForkPoolWorker-8] HTTP Request: POST https://api.minimaxi.com/v1/chat/completions "HTTP/1.1 200 OK"
[2026-03-30 09:48:32,071: WARNING/ForkPoolWorker-8] [META] ✅ Success for doc=e022db78-b74e-4f01-8754-0bd11e9a7e02: 24 fields, 13227ms
[2026-03-30 09:48:32,082: INFO/ForkPoolWorker-8] Task tasks.extract_metadata[75ede51e-b5d9-4199-ad21-db84392bbf50] succeeded in 13.416691625000112s: {'status': 'success', 'document_id': 'e022db78-b74e-4f01-8754-0bd11e9a7e02', 'metadata_result_id': '22b19e99-aa76-4e84-83b3-b0b279f742fa', 'fields_count': 24, 'duration_ms': 13227}
[2026-03-30 09:48:35,003: INFO/ForkPoolWorker-2] HTTP Request: POST https://api.minimaxi.com/v1/chat/completions "HTTP/1.1 200 OK"
[2026-03-30 09:48:35,024: WARNING/ForkPoolWorker-2] [META] ✅ Success for doc=673dd88f-bbc6-459a-bac0-2ae43069585d: 23 fields, 15498ms
[2026-03-30 09:48:35,028: INFO/ForkPoolWorker-2] Task tasks.extract_metadata[5a673b99-9635-49c1-a8bb-b8b04b9c4934] succeeded in 15.557603333000316s: {'status': 'success', 'document_id': '673dd88f-bbc6-459a-bac0-2ae43069585d', 'metadata_result_id': 'dd55cfac-ef7c-4c3c-9d08-223cc8d5323e', 'fields_count': 23, 'duration_ms': 15498}
[2026-03-30 09:48:38,774: INFO/ForkPoolWorker-4] HTTP Request: POST https://api.minimaxi.com/v1/chat/completions "HTTP/1.1 200 OK"
[2026-03-30 09:48:38,811: WARNING/ForkPoolWorker-4] [META] ✅ Success for doc=84b8ce6e-3415-4d98-ac93-6c915378e2ad: 20 fields, 19696ms
[2026-03-30 09:48:38,822: INFO/ForkPoolWorker-4] Task tasks.extract_metadata[2056e5ba-6c36-4b3b-b5a4-21a6a6f09478] succeeded in 20.26010320799969s: {'status': 'success', 'document_id': '84b8ce6e-3415-4d98-ac93-6c915378e2ad', 'metadata_result_id': 'ff9b8da3-fc9d-4810-a521-35a8531da701', 'fields_count': 20, 'duration_ms': 19696}
[2026-03-30 09:48:41,412: INFO/ForkPoolWorker-1] HTTP Request: POST https://api.minimaxi.com/v1/chat/completions "HTTP/1.1 200 OK"
[2026-03-30 09:48:41,451: WARNING/ForkPoolWorker-1] [META] ✅ Success for doc=fda0256b-d5ec-495a-a871-70faddd1d303: 17 fields, 21172ms
[2026-03-30 09:48:41,456: INFO/ForkPoolWorker-1] Task tasks.extract_metadata[c34f8fac-2b30-4a7c-8e9d-6abbc5bc1748] succeeded in 21.250801500000307s: {'status': 'success', 'document_id': 'fda0256b-d5ec-495a-a871-70faddd1d303', 'metadata_result_id': 'a4f8276f-e36d-4c02-a151-209a6f71c1e1', 'fields_count': 17, 'duration_ms': 21172}
[2026-03-30 10:21:15,633: INFO/MainProcess] Task tasks.ocr_recognize[45953b90-ad2c-4510-bca3-ea86390b2dc2] received
[2026-03-30 10:21:15,804: INFO/MainProcess] Task tasks.ocr_recognize[4caa896f-bcc1-4c5c-94a6-5855b0d92baa] received
[2026-03-30 10:21:15,806: INFO/MainProcess] Task tasks.ocr_recognize[b65ee24d-ba81-4b88-b89c-5340b8eac391] received
[2026-03-30 10:21:16,416: WARNING/ForkPoolWorker-8] [OCR] Starting recognition for doc=6c01d4c5-b6b7-4940-8091-931ddd249482, object_key=documents/1774837274453_CT检查.pdf
[2026-03-30 10:21:16,427: WARNING/ForkPoolWorker-2] [OCR] Starting recognition for doc=9f2f5657-7f6a-472a-a14a-9eafc77d3763, object_key=documents/1774837274467_病理.pdf
[2026-03-30 10:21:16,445: WARNING/ForkPoolWorker-1] [OCR] Starting recognition for doc=84263dad-d6b8-4867-bddb-632efc0b588f, object_key=documents/1774837274466_血常规.pdf
[2026-03-30 10:21:16,823: INFO/MainProcess] Task tasks.ocr_recognize[0cf0dcdf-70e9-4cf2-99f6-951dc77a962d] received
[2026-03-30 10:21:17,535: WARNING/ForkPoolWorker-3] [OCR] Starting recognition for doc=c706dc2b-ac79-4307-8b70-6d894c575388, object_key=documents/1774837275705_超声报告.pdf
[2026-03-30 10:21:17,783: WARNING/ForkPoolWorker-8] [OCR] ✅ Success for doc=6c01d4c5-b6b7-4940-8091-931ddd249482: 1 pages, confidence=0.00, 812 chars, 1653ms
[2026-03-30 10:21:17,800: WARNING/ForkPoolWorker-8] [OCR] ⏩ Chained metadata extraction for doc=6c01d4c5-b6b7-4940-8091-931ddd249482
[2026-03-30 10:21:17,802: INFO/MainProcess] Task tasks.extract_metadata[c3ee21a4-bc71-4dba-91fc-84e3a5328a44] received
[2026-03-30 10:21:17,804: INFO/ForkPoolWorker-8] Task tasks.ocr_recognize[45953b90-ad2c-4510-bca3-ea86390b2dc2] succeeded in 2.064588707999974s: {'status': 'success', 'document_id': '6c01d4c5-b6b7-4940-8091-931ddd249482', 'total_pages': 1, 'text_length': 812, 'confidence': 0.0, 'duration_ms': 1653}
[2026-03-30 10:21:18,104: WARNING/ForkPoolWorker-2] [OCR] ✅ Success for doc=9f2f5657-7f6a-472a-a14a-9eafc77d3763: 1 pages, confidence=0.00, 1586 chars, 1838ms
[2026-03-30 10:21:18,113: WARNING/ForkPoolWorker-2] [OCR] ⏩ Chained metadata extraction for doc=9f2f5657-7f6a-472a-a14a-9eafc77d3763
[2026-03-30 10:21:18,114: INFO/MainProcess] Task tasks.extract_metadata[de985664-5ec8-4697-a7e9-f62ba099a9c2] received
[2026-03-30 10:21:18,117: INFO/ForkPoolWorker-2] Task tasks.ocr_recognize[b65ee24d-ba81-4b88-b89c-5340b8eac391] succeeded in 2.2253470420000667s: {'status': 'success', 'document_id': '9f2f5657-7f6a-472a-a14a-9eafc77d3763', 'total_pages': 1, 'text_length': 1586, 'confidence': 0.0, 'duration_ms': 1838}
[2026-03-30 10:21:18,185: WARNING/ForkPoolWorker-8] [META] Calling MiniMax-M2.7 for doc=9f2f5657-7f6a-472a-a14a-9eafc77d3763, prompt_len=13431, text_len=1586
[2026-03-30 10:21:18,224: WARNING/ForkPoolWorker-4] [META] Calling MiniMax-M2.7 for doc=6c01d4c5-b6b7-4940-8091-931ddd249482, prompt_len=13431, text_len=812
[2026-03-30 10:21:18,816: WARNING/ForkPoolWorker-1] [OCR] ✅ Success for doc=84263dad-d6b8-4867-bddb-632efc0b588f: 1 pages, confidence=0.00, 3839 chars, 2664ms
[2026-03-30 10:21:18,834: INFO/MainProcess] Task tasks.extract_metadata[aed09a92-3478-4924-877a-0b8164d92ded] received
[2026-03-30 10:21:18,834: WARNING/ForkPoolWorker-1] [OCR] ⏩ Chained metadata extraction for doc=84263dad-d6b8-4867-bddb-632efc0b588f
[2026-03-30 10:21:18,837: INFO/ForkPoolWorker-1] Task tasks.ocr_recognize[4caa896f-bcc1-4c5c-94a6-5855b0d92baa] succeeded in 2.947515000000294s: {'status': 'success', 'document_id': '84263dad-d6b8-4867-bddb-632efc0b588f', 'total_pages': 1, 'text_length': 3839, 'confidence': 0.0, 'duration_ms': 2664}
[2026-03-30 10:21:18,914: WARNING/ForkPoolWorker-2] [META] Calling MiniMax-M2.7 for doc=84263dad-d6b8-4867-bddb-632efc0b588f, prompt_len=13431, text_len=3839
[2026-03-30 10:21:18,933: WARNING/ForkPoolWorker-3] [OCR] ✅ Success for doc=c706dc2b-ac79-4307-8b70-6d894c575388: 2 pages, confidence=0.00, 1529 chars, 1680ms
[2026-03-30 10:21:18,945: WARNING/ForkPoolWorker-3] [OCR] ⏩ Chained metadata extraction for doc=c706dc2b-ac79-4307-8b70-6d894c575388
[2026-03-30 10:21:18,946: INFO/MainProcess] Task tasks.extract_metadata[95257485-b3c1-436a-ba2e-78290f6b9ee1] received
[2026-03-30 10:21:18,947: INFO/ForkPoolWorker-3] Task tasks.ocr_recognize[0cf0dcdf-70e9-4cf2-99f6-951dc77a962d] succeeded in 2.0605318329999136s: {'status': 'success', 'document_id': 'c706dc2b-ac79-4307-8b70-6d894c575388', 'total_pages': 2, 'text_length': 1529, 'confidence': 0.0, 'duration_ms': 1680}
[2026-03-30 10:21:19,012: WARNING/ForkPoolWorker-1] [META] Calling MiniMax-M2.7 for doc=c706dc2b-ac79-4307-8b70-6d894c575388, prompt_len=13431, text_len=1529
[2026-03-30 10:21:35,312: INFO/ForkPoolWorker-4] HTTP Request: POST https://api.minimaxi.com/v1/chat/completions "HTTP/1.1 200 OK"
[2026-03-30 10:21:35,346: WARNING/ForkPoolWorker-4] [META] ✅ Success for doc=6c01d4c5-b6b7-4940-8091-931ddd249482: 11 fields, 17145ms
[2026-03-30 10:21:35,355: INFO/ForkPoolWorker-4] Task tasks.extract_metadata[c3ee21a4-bc71-4dba-91fc-84e3a5328a44] succeeded in 17.46864404200005s: {'status': 'success', 'document_id': '6c01d4c5-b6b7-4940-8091-931ddd249482', 'metadata_result_id': '62ffc01f-d0b9-4c28-b266-d20bf5b9d4b2', 'fields_count': 11, 'duration_ms': 17145}
[2026-03-30 10:21:38,024: INFO/ForkPoolWorker-1] HTTP Request: POST https://api.minimaxi.com/v1/chat/completions "HTTP/1.1 200 OK"
[2026-03-30 10:21:38,050: WARNING/ForkPoolWorker-1] [META] ✅ Success for doc=c706dc2b-ac79-4307-8b70-6d894c575388: 11 fields, 19044ms
[2026-03-30 10:21:38,058: INFO/ForkPoolWorker-1] Task tasks.extract_metadata[95257485-b3c1-436a-ba2e-78290f6b9ee1] succeeded in 19.11122208300003s: {'status': 'success', 'document_id': 'c706dc2b-ac79-4307-8b70-6d894c575388', 'metadata_result_id': 'c4b13ed8-6e56-4df7-96ec-c7691c601ff0', 'fields_count': 11, 'duration_ms': 19044}
[2026-03-30 10:21:40,882: INFO/ForkPoolWorker-8] HTTP Request: POST https://api.minimaxi.com/v1/chat/completions "HTTP/1.1 200 OK"
[2026-03-30 10:21:40,895: WARNING/ForkPoolWorker-8] [META] ❌ Failed for doc=9f2f5657-7f6a-472a-a14a-9eafc77d3763: JSONDecodeError: Invalid control character at: line 11 column 75 (char 250)
[2026-03-30 10:21:40,925: WARNING/ForkPoolWorker-8] Traceback (most recent call last):
  File "/Users/apple/project/eacy_agent/eacy/backend/app/tasks/metadata_tasks.py", line 157, in extract_metadata
    result = json.loads(raw_output)
  File "/opt/homebrew/Cellar/python@3.14/3.14.2_1/Frameworks/Python.framework/Versions/3.14/lib/python3.14/json/__init__.py", line 352, in loads
    return _default_decoder.decode(s)
           ~~~~~~~~~~~~~~~~~~~~~~~^^^
  File "/opt/homebrew/Cellar/python@3.14/3.14.2_1/Frameworks/Python.framework/Versions/3.14/lib/python3.14/json/decoder.py", line 345, in decode
    obj, end = self.raw_decode(s, idx=_w(s, 0).end())
               ~~~~~~~~~~~~~~~^^^^^^^^^^^^^^^^^^^^^^^
  File "/opt/homebrew/Cellar/python@3.14/3.14.2_1/Frameworks/Python.framework/Versions/3.14/lib/python3.14/json/decoder.py", line 363, in raw_decode
    raise JSONDecodeError("Expecting value", s, err.value) from None
json.decoder.JSONDecodeError: Expecting value: line 1 column 1 (char 0)

During handling of the above exception, another exception occurred:

Traceback (most recent call last):
  File "/Users/apple/project/eacy_agent/eacy/backend/app/tasks/metadata_tasks.py", line 160, in extract_metadata
    result = json.loads(m.group()) if m else {}
             ~~~~~~~~~~^^^^^^^^^^^
  File "/opt/homebrew/Cellar/python@3.14/3.14.2_1/Frameworks/Python.framework/Versions/3.14/lib/python3.14/json/__init__.py", line 352, in loads
    return _default_decoder.decode(s)
           ~~~~~~~~~~~~~~~~~~~~~~~^^^
  File "/opt/homebrew/Cellar/python@3.14/3.14.2_1/Frameworks/Python.framework/Versions/3.14/lib/python3.14/json/decoder.py", line 345, in decode
    obj, end = self.raw_decode(s, idx=_w(s, 0).end())
               ~~~~~~~~~~~~~~~^^^^^^^^^^^^^^^^^^^^^^^
  File "/opt/homebrew/Cellar/python@3.14/3.14.2_1/Frameworks/Python.framework/Versions/3.14/lib/python3.14/json/decoder.py", line 361, in raw_decode
    obj, end = self.scan_once(s, idx)
               ~~~~~~~~~~~~~~^^^^^^^^
json.decoder.JSONDecodeError: Invalid control character at: line 11 column 75 (char 250)
[2026-03-30 10:21:40,986: INFO/ForkPoolWorker-8] Task tasks.extract_metadata[de985664-5ec8-4697-a7e9-f62ba099a9c2] retry: Retry in 10s: JSONDecodeError('Invalid control character at: line 11 column 75 (char 250)')
[2026-03-30 10:21:40,997: INFO/MainProcess] Task tasks.extract_metadata[de985664-5ec8-4697-a7e9-f62ba099a9c2] received
[2026-03-30 10:21:46,278: INFO/ForkPoolWorker-2] HTTP Request: POST https://api.minimaxi.com/v1/chat/completions "HTTP/1.1 200 OK"
[2026-03-30 10:21:46,285: WARNING/ForkPoolWorker-2] [META] ❌ Failed for doc=84263dad-d6b8-4867-bddb-632efc0b588f: JSONDecodeError: Extra data: line 1 column 1153 (char 1152)
[2026-03-30 10:21:46,297: WARNING/ForkPoolWorker-2] Traceback (most recent call last):
  File "/Users/apple/project/eacy_agent/eacy/backend/app/tasks/metadata_tasks.py", line 157, in extract_metadata
    result = json.loads(raw_output)
  File "/opt/homebrew/Cellar/python@3.14/3.14.2_1/Frameworks/Python.framework/Versions/3.14/lib/python3.14/json/__init__.py", line 352, in loads
    return _default_decoder.decode(s)
           ~~~~~~~~~~~~~~~~~~~~~~~^^^
  File "/opt/homebrew/Cellar/python@3.14/3.14.2_1/Frameworks/Python.framework/Versions/3.14/lib/python3.14/json/decoder.py", line 345, in decode
    obj, end = self.raw_decode(s, idx=_w(s, 0).end())
               ~~~~~~~~~~~~~~~^^^^^^^^^^^^^^^^^^^^^^^
  File "/opt/homebrew/Cellar/python@3.14/3.14.2_1/Frameworks/Python.framework/Versions/3.14/lib/python3.14/json/decoder.py", line 363, in raw_decode
    raise JSONDecodeError("Expecting value", s, err.value) from None
json.decoder.JSONDecodeError: Expecting value: line 1 column 1 (char 0)

During handling of the above exception, another exception occurred:

Traceback (most recent call last):
  File "/Users/apple/project/eacy_agent/eacy/backend/app/tasks/metadata_tasks.py", line 160, in extract_metadata
    result = json.loads(m.group()) if m else {}
             ~~~~~~~~~~^^^^^^^^^^^
  File "/opt/homebrew/Cellar/python@3.14/3.14.2_1/Frameworks/Python.framework/Versions/3.14/lib/python3.14/json/__init__.py", line 352, in loads
    return _default_decoder.decode(s)
           ~~~~~~~~~~~~~~~~~~~~~~~^^^
  File "/opt/homebrew/Cellar/python@3.14/3.14.2_1/Frameworks/Python.framework/Versions/3.14/lib/python3.14/json/decoder.py", line 348, in decode
    raise JSONDecodeError("Extra data", s, end)
json.decoder.JSONDecodeError: Extra data: line 1 column 1153 (char 1152)
[2026-03-30 10:21:46,326: INFO/MainProcess] Task tasks.extract_metadata[aed09a92-3478-4924-877a-0b8164d92ded] received
[2026-03-30 10:21:46,336: INFO/ForkPoolWorker-2] Task tasks.extract_metadata[aed09a92-3478-4924-877a-0b8164d92ded] retry: Retry in 10s: JSONDecodeError('Extra data: line 1 column 1153 (char 1152)')
[2026-03-30 10:21:51,076: WARNING/ForkPoolWorker-8] [META] Calling MiniMax-M2.7 for doc=9f2f5657-7f6a-472a-a14a-9eafc77d3763, prompt_len=13431, text_len=1586
[2026-03-30 10:21:56,407: WARNING/ForkPoolWorker-1] [META] Calling MiniMax-M2.7 for doc=84263dad-d6b8-4867-bddb-632efc0b588f, prompt_len=13431, text_len=3839
[2026-03-30 10:22:11,226: INFO/ForkPoolWorker-8] HTTP Request: POST https://api.minimaxi.com/v1/chat/completions "HTTP/1.1 200 OK"
[2026-03-30 10:22:11,254: WARNING/ForkPoolWorker-8] [META] ✅ Success for doc=9f2f5657-7f6a-472a-a14a-9eafc77d3763: 11 fields, 20183ms
[2026-03-30 10:22:11,263: INFO/ForkPoolWorker-8] Task tasks.extract_metadata[de985664-5ec8-4697-a7e9-f62ba099a9c2] succeeded in 20.295969332999448s: {'status': 'success', 'document_id': '9f2f5657-7f6a-472a-a14a-9eafc77d3763', 'metadata_result_id': '9a85b9b7-18fc-4407-a601-77c255de8770', 'fields_count': 11, 'duration_ms': 20183}
[2026-03-30 10:22:16,543: INFO/ForkPoolWorker-1] HTTP Request: POST https://api.minimaxi.com/v1/chat/completions "HTTP/1.1 200 OK"
[2026-03-30 10:22:16,563: WARNING/ForkPoolWorker-1] [META] ✅ Success for doc=84263dad-d6b8-4867-bddb-632efc0b588f: 11 fields, 20159ms
[2026-03-30 10:22:16,572: INFO/ForkPoolWorker-1] Task tasks.extract_metadata[aed09a92-3478-4924-877a-0b8164d92ded] succeeded in 20.24724849999984s: {'status': 'success', 'document_id': '84263dad-d6b8-4867-bddb-632efc0b588f', 'metadata_result_id': 'c6d05840-c34d-402d-8c69-ef241987f56b', 'fields_count': 11, 'duration_ms': 20159}
[2026-03-30 10:25:35,579: INFO/MainProcess] Task tasks.extract_crf_by_form[6217dd6a-a89d-4093-bda3-11f395eb86d7] received
[2026-03-30 10:25:35,592: INFO/MainProcess] Task tasks.extract_crf_by_form[5a365d46-00f3-4b67-b223-474fdbea30c6] received
[2026-03-30 10:25:35,594: INFO/MainProcess] Task tasks.extract_crf_by_form[c46342bc-31b7-4435-b83e-cff49f0f738d] received
[2026-03-30 10:25:37,349: WARNING/ForkPoolWorker-1] [92m10:25:37 - LiteLLM:INFO[0m: utils.py:3995 - 
LiteLLM completion() model= MiniMax-M2.7; provider = openai
[2026-03-30 10:25:37,348: INFO/ForkPoolWorker-1] 
LiteLLM completion() model= MiniMax-M2.7; provider = openai
[2026-03-30 10:25:37,351: WARNING/ForkPoolWorker-2] [92m10:25:37 - LiteLLM:INFO[0m: utils.py:3995 - 
LiteLLM completion() model= MiniMax-M2.7; provider = openai
[2026-03-30 10:25:37,351: INFO/ForkPoolWorker-2] 
LiteLLM completion() model= MiniMax-M2.7; provider = openai
[2026-03-30 10:25:37,477: WARNING/ForkPoolWorker-8] [92m10:25:37 - LiteLLM:INFO[0m: utils.py:3995 - 
LiteLLM completion() model= MiniMax-M2.7; provider = openai
[2026-03-30 10:25:37,476: INFO/ForkPoolWorker-8] 
LiteLLM completion() model= MiniMax-M2.7; provider = openai
[2026-03-30 10:25:51,819: WARNING/ForkPoolWorker-1] [92m10:25:51 - LiteLLM:INFO[0m: utils.py:1656 - Wrapper: Completed Call, calling success_handler
[2026-03-30 10:25:51,819: INFO/ForkPoolWorker-1] Wrapper: Completed Call, calling success_handler
[2026-03-30 10:25:51,834: WARNING/ForkPoolWorker-1] [form_document_matcher] Form '健康情况' LLM raw output: 

{"matched_doc_indices": [4, 1, 2, 3], "reasoning": "病理报告（手术病理）最可能包含病史信息，通常详细记录患者既往史、手术史、家族史及生育史等临床信息。超声和CT检查可能附带简要临床信息或入院日期。血常规主要提供实验室数据，与病史采集相关性较低。"}
[2026-03-30 10:25:51,835: WARNING/ForkPoolWorker-1] [form_document_matcher] Form '健康情况' extracted indices: [4, 1, 2, 3]
[2026-03-30 10:25:51,836: WARNING/ForkPoolWorker-1] [form_document_matcher] Form '健康情况' final matched doc IDs (topK=2): ['9f2f5657-7f6a-472a-a14a-9eafc77d3763', 'c706dc2b-ac79-4307-8b70-6d894c575388']
[2026-03-30 10:25:51,905: WARNING/ForkPoolWorker-1] [92m10:25:51 - LiteLLM:INFO[0m: utils.py:3995 - 
LiteLLM completion() model= MiniMax-M2.7; provider = openai
[2026-03-30 10:25:51,904: INFO/ForkPoolWorker-1] 
LiteLLM completion() model= MiniMax-M2.7; provider = openai
[2026-03-30 10:25:54,562: WARNING/ForkPoolWorker-8] [92m10:25:54 - LiteLLM:INFO[0m: utils.py:1656 - Wrapper: Completed Call, calling success_handler
[2026-03-30 10:25:54,561: INFO/ForkPoolWorker-8] Wrapper: Completed Call, calling success_handler
[2026-03-30 10:25:54,579: WARNING/ForkPoolWorker-8] [form_document_matcher] Form '人口学情况' LLM raw output: 

{"matched_doc_indices": [], "reasoning": "该CRF表单需要提取的是人口学信息（身份信息、医疗事件标识符、联系方式、紧急联系人、人口统计学、入院日期），这些信息通常存在于入院记录、病历首页或护理记录中。候选的四个文档均为检查报告（超声、CT、血常规、病理），它们的主要内容是检查结果和诊断信息，虽然可能附带基本的患者信息，但并非专门记录人口学数据的文档，因此没有文档最相关。"}
[2026-03-30 10:25:54,579: WARNING/ForkPoolWorker-8] [form_document_matcher] Form '人口学情况' extracted indices: []
[2026-03-30 10:25:54,579: WARNING/ForkPoolWorker-8] [form_document_matcher] Form '人口学情况' final matched doc IDs (topK=2): []
[2026-03-30 10:25:54,588: INFO/ForkPoolWorker-8] Task tasks.extract_crf_by_form[6217dd6a-a89d-4093-bda3-11f395eb86d7] succeeded in 19.00206545800029s: {'status': 'skipped', 'message': 'No relevant documents matched for this form.'}
[2026-03-30 10:25:55,849: WARNING/ForkPoolWorker-2] [92m10:25:55 - LiteLLM:INFO[0m: utils.py:1656 - Wrapper: Completed Call, calling success_handler
[2026-03-30 10:25:55,849: INFO/ForkPoolWorker-2] Wrapper: Completed Call, calling success_handler
[2026-03-30 10:25:55,862: WARNING/ForkPoolWorker-2] [form_document_matcher] Form '血型' LLM raw output: 

{"matched_doc_indices": [], "reasoning": "血型检测（ABO血型、Rh血型）属于临床输血科或专门的免疫血液学检查项目。候选文档中：超声报告和CT检查属于影像学检查，病理报告属于组织病理学检查，均不会包含血型信息；血常规属于血液细胞分析检查，主要检测白细胞、红细胞、血小板等计数值，也不包含血型鉴定结果。因此这四份文档都不包含表单所需的ABO血型和Rh血型字段。"}
[2026-03-30 10:25:55,862: WARNING/ForkPoolWorker-2] [form_document_matcher] Form '血型' extracted indices: []
[2026-03-30 10:25:55,862: WARNING/ForkPoolWorker-2] [form_document_matcher] Form '血型' final matched doc IDs (topK=2): []
[2026-03-30 10:25:55,868: INFO/ForkPoolWorker-2] Task tasks.extract_crf_by_form[c46342bc-31b7-4435-b83e-cff49f0f738d] succeeded in 20.257044416999634s: {'status': 'skipped', 'message': 'No relevant documents matched for this form.'}
[2026-03-30 10:26:07,159: WARNING/ForkPoolWorker-1] [92m10:26:07 - LiteLLM:INFO[0m: utils.py:3995 - 
LiteLLM completion() model= MiniMax-M2.7; provider = openai
[2026-03-30 10:26:07,158: INFO/ForkPoolWorker-1] 
LiteLLM completion() model= MiniMax-M2.7; provider = openai
[2026-03-30 10:26:18,066: WARNING/ForkPoolWorker-1] /Users/apple/project/eacy_agent/eacy/backend/venv/lib/python3.14/site-packages/litellm/litellm_core_utils/logging_worker.py:75: RuntimeWarning: coroutine 'Logging.async_success_handler' was never awaited
  self._queue = None

[2026-03-30 10:26:18,116: WARNING/ForkPoolWorker-1] [92m10:26:18 - LiteLLM:INFO[0m: utils.py:3995 - 
LiteLLM completion() model= MiniMax-M2.7; provider = openai
[2026-03-30 10:26:18,116: INFO/ForkPoolWorker-1] 
LiteLLM completion() model= MiniMax-M2.7; provider = openai
[2026-03-30 10:26:33,833: INFO/ForkPoolWorker-1] Task tasks.extract_crf_by_form[5a365d46-00f3-4b67-b223-474fdbea30c6] succeeded in 58.22896362500069s: {'status': 'success', 'form_name': '健康情况', 'docs_processed': ['病理.pdf'], 'duration_ms': 41966}
